// Jest Snapshot v1, https://goo.gl/fbAQLP

exports[`ESLint config Snapshot dist/javascript.json 1`] = `
Object {
  "env": Object {},
  "globals": Object {},
  "ignorePatterns": Array [],
  "noInlineConfig": undefined,
  "parser": null,
  "parserOptions": Object {},
  "plugins": Array [
    "simple-import-sort",
    "import",
  ],
  "reportUnusedDisableDirectives": undefined,
  "rules": Object {
    "array-callback-return": Array [
      "error",
      Object {
        "allowImplicit": true,
        "checkForEach": false,
      },
    ],
    "arrow-body-style": Array [
      "error",
      "as-needed",
      Object {
        "requireReturnForObjectLiteral": false,
      },
    ],
    "block-scoped-var": Array [
      "error",
    ],
    "camelcase": Array [
      "error",
      Object {
        "ignoreDestructuring": false,
        "ignoreGlobals": false,
        "ignoreImports": false,
        "properties": "never",
      },
    ],
    "consistent-return": Array [
      "error",
    ],
    "constructor-super": Array [
      "error",
    ],
    "default-case-last": Array [
      "error",
    ],
    "default-param-last": Array [
      "error",
    ],
    "dot-notation": Array [
      "error",
      Object {
        "allowKeywords": true,
        "allowPattern": "",
      },
    ],
    "eqeqeq": Array [
      "error",
      "always",
      Object {
        "null": "ignore",
      },
    ],
    "for-direction": Array [
      "error",
    ],
    "func-names": Array [
      "warn",
    ],
    "getter-return": Array [
      "error",
      Object {
        "allowImplicit": true,
      },
    ],
    "grouped-accessor-pairs": Array [
      "error",
    ],
    "guard-for-in": Array [
      "error",
    ],
    "import/export": Array [
      "error",
    ],
    "import/extensions": Array [
      "error",
      "ignorePackages",
    ],
    "import/first": Array [
      "error",
    ],
    "import/named": Array [
      "error",
    ],
    "import/newline-after-import": Array [
      "error",
    ],
    "import/no-absolute-path": Array [
      "error",
    ],
    "import/no-amd": Array [
      "error",
    ],
    "import/no-cycle": Array [
      "error",
      Object {
        "ignoreExternal": false,
        "maxDepth": "âˆž",
      },
    ],
    "import/no-duplicates": Array [
      "error",
    ],
    "import/no-dynamic-require": Array [
      "error",
    ],
    "import/no-extraneous-dependencies": Array [
      "error",
      Object {
        "devDependencies": Array [
          "test/**",
          "tests/**",
          "spec/**",
          "**/__tests__/**",
          "**/__mocks__/**",
          "test.{js,cjs,jsx}",
          "test-*.{js,cjs,jsx}",
          "**/*{.,_}{test,spec}.{js,cjs,jsx}",
          "**/jest.config.{js,cjs}",
          "**/jest.setup.{js,cjs}",
          "**/vue.config.js",
          "**/webpack.config.js",
          "**/webpack.config.*.js",
          "**/rollup.config.js",
          "**/rollup.config.*.js",
          "**/gulpfile.js",
          "**/gulpfile.*.js",
          "**/Gruntfile{,.js}",
          "**/protractor.conf.js",
          "**/protractor.conf.*.js",
          "**/karma.conf.js",
          "**/.eslintrc.{js,cjs}",
        ],
        "optionalDependencies": false,
      },
    ],
    "import/no-import-module-exports": Array [
      "error",
      Object {
        "exceptions": Array [],
      },
    ],
    "import/no-mutable-exports": Array [
      "error",
    ],
    "import/no-named-as-default": Array [
      "error",
    ],
    "import/no-named-as-default-member": Array [
      "error",
    ],
    "import/no-named-default": Array [
      "error",
    ],
    "import/no-relative-packages": Array [
      "error",
    ],
    "import/no-self-import": Array [
      "error",
    ],
    "import/no-unresolved": Array [
      "error",
      Object {
        "caseSensitive": true,
        "caseSensitiveStrict": false,
        "commonjs": true,
      },
    ],
    "import/no-useless-path-segments": Array [
      "error",
      Object {
        "commonjs": true,
      },
    ],
    "import/no-webpack-loader-syntax": Array [
      "error",
    ],
    "import/order": Array [
      "error",
      Object {
        "groups": Array [
          Array [
            "builtin",
            "external",
            "internal",
          ],
        ],
        "warnOnUnassignedImports": false,
      },
    ],
    "lines-around-directive": Array [
      "error",
      Object {
        "after": "always",
        "before": "always",
      },
    ],
    "lines-between-class-members": Array [
      "error",
      "always",
      Object {
        "exceptAfterSingleLine": false,
      },
    ],
    "new-cap": Array [
      "error",
      Object {
        "capIsNew": false,
        "capIsNewExceptions": Array [
          "Immutable.Map",
          "Immutable.Set",
          "Immutable.List",
        ],
        "newIsCap": true,
        "newIsCapExceptions": Array [],
        "properties": true,
      },
    ],
    "no-alert": Array [
      "warn",
    ],
    "no-array-constructor": Array [
      "error",
    ],
    "no-async-promise-executor": Array [
      "error",
    ],
    "no-await-in-loop": Array [
      "warn",
    ],
    "no-buffer-constructor": Array [
      "error",
    ],
    "no-caller": Array [
      "error",
    ],
    "no-case-declarations": Array [
      "error",
    ],
    "no-class-assign": Array [
      "error",
    ],
    "no-compare-neg-zero": Array [
      "error",
    ],
    "no-cond-assign": Array [
      "error",
      "always",
    ],
    "no-const-assign": Array [
      "error",
    ],
    "no-constant-condition": Array [
      "warn",
    ],
    "no-constructor-return": Array [
      "error",
    ],
    "no-control-regex": Array [
      "error",
    ],
    "no-debugger": Array [
      "error",
    ],
    "no-delete-var": Array [
      "error",
    ],
    "no-dupe-args": Array [
      "error",
    ],
    "no-dupe-class-members": Array [
      "error",
    ],
    "no-dupe-else-if": Array [
      "error",
    ],
    "no-dupe-keys": Array [
      "error",
    ],
    "no-duplicate-case": Array [
      "error",
    ],
    "no-else-return": Array [
      "error",
      Object {
        "allowElseIf": false,
      },
    ],
    "no-empty": Array [
      "error",
      Object {
        "allowEmptyCatch": true,
      },
    ],
    "no-empty-character-class": Array [
      "error",
    ],
    "no-empty-pattern": Array [
      "error",
    ],
    "no-eval": Array [
      "error",
    ],
    "no-ex-assign": Array [
      "error",
    ],
    "no-extend-native": Array [
      "error",
    ],
    "no-extra-bind": Array [
      "error",
    ],
    "no-extra-boolean-cast": Array [
      "error",
    ],
    "no-extra-label": Array [
      "error",
    ],
    "no-fallthrough": Array [
      "error",
    ],
    "no-func-assign": Array [
      "error",
    ],
    "no-global-assign": Array [
      "error",
      Object {
        "exceptions": Array [],
      },
    ],
    "no-implied-eval": Array [
      "error",
    ],
    "no-import-assign": Array [
      "error",
    ],
    "no-inner-declarations": Array [
      "error",
    ],
    "no-invalid-regexp": Array [
      "error",
    ],
    "no-irregular-whitespace": Array [
      "error",
    ],
    "no-iterator": Array [
      "error",
    ],
    "no-label-var": Array [
      "error",
    ],
    "no-labels": Array [
      "error",
      Object {
        "allowLoop": false,
        "allowSwitch": false,
      },
    ],
    "no-lone-blocks": Array [
      "error",
    ],
    "no-lonely-if": Array [
      "error",
    ],
    "no-loop-func": Array [
      "error",
    ],
    "no-loss-of-precision": Array [
      "error",
    ],
    "no-misleading-character-class": Array [
      "error",
    ],
    "no-multi-assign": Array [
      "error",
    ],
    "no-multi-str": Array [
      "error",
    ],
    "no-nested-ternary": Array [
      "error",
    ],
    "no-new": Array [
      "error",
    ],
    "no-new-func": Array [
      "error",
    ],
    "no-new-object": Array [
      "error",
    ],
    "no-new-require": Array [
      "error",
    ],
    "no-new-symbol": Array [
      "error",
    ],
    "no-new-wrappers": Array [
      "error",
    ],
    "no-nonoctal-decimal-escape": Array [
      "error",
    ],
    "no-obj-calls": Array [
      "error",
    ],
    "no-octal": Array [
      "error",
    ],
    "no-octal-escape": Array [
      "error",
    ],
    "no-path-concat": Array [
      "error",
    ],
    "no-promise-executor-return": Array [
      "error",
    ],
    "no-proto": Array [
      "error",
    ],
    "no-prototype-builtins": Array [
      "error",
    ],
    "no-redeclare": Array [
      "error",
    ],
    "no-regex-spaces": Array [
      "error",
    ],
    "no-restricted-exports": Array [
      "error",
      Object {
        "restrictedNamedExports": Array [
          "default",
          "then",
        ],
      },
    ],
    "no-restricted-globals": Array [
      "error",
      Object {
        "message": "Use Number.isFinite instead https://github.com/airbnb/javascript#standard-library--isfinite",
        "name": "isFinite",
      },
      Object {
        "message": "Use Number.isNaN instead https://github.com/airbnb/javascript#standard-library--isnan",
        "name": "isNaN",
      },
      "addEventListener",
      "blur",
      "close",
      "closed",
      "confirm",
      "defaultStatus",
      "defaultstatus",
      "event",
      "external",
      "find",
      "focus",
      "frameElement",
      "frames",
      "history",
      "innerHeight",
      "innerWidth",
      "length",
      "location",
      "locationbar",
      "menubar",
      "moveBy",
      "moveTo",
      "name",
      "onblur",
      "onerror",
      "onfocus",
      "onload",
      "onresize",
      "onunload",
      "open",
      "opener",
      "opera",
      "outerHeight",
      "outerWidth",
      "pageXOffset",
      "pageYOffset",
      "parent",
      "print",
      "removeEventListener",
      "resizeBy",
      "resizeTo",
      "screen",
      "screenLeft",
      "screenTop",
      "screenX",
      "screenY",
      "scroll",
      "scrollbars",
      "scrollBy",
      "scrollTo",
      "scrollX",
      "scrollY",
      "self",
      "status",
      "statusbar",
      "stop",
      "toolbar",
      "top",
    ],
    "no-restricted-properties": Array [
      "error",
      Object {
        "message": "arguments.callee is deprecated",
        "object": "arguments",
        "property": "callee",
      },
      Object {
        "message": "Please use Number.isFinite instead",
        "object": "global",
        "property": "isFinite",
      },
      Object {
        "message": "Please use Number.isFinite instead",
        "object": "self",
        "property": "isFinite",
      },
      Object {
        "message": "Please use Number.isFinite instead",
        "object": "window",
        "property": "isFinite",
      },
      Object {
        "message": "Please use Number.isNaN instead",
        "object": "global",
        "property": "isNaN",
      },
      Object {
        "message": "Please use Number.isNaN instead",
        "object": "self",
        "property": "isNaN",
      },
      Object {
        "message": "Please use Number.isNaN instead",
        "object": "window",
        "property": "isNaN",
      },
      Object {
        "message": "Please use Object.defineProperty instead.",
        "property": "__defineGetter__",
      },
      Object {
        "message": "Please use Object.defineProperty instead.",
        "property": "__defineSetter__",
      },
      Object {
        "message": "Use the exponentiation operator (**) instead.",
        "object": "Math",
        "property": "pow",
      },
    ],
    "no-return-assign": Array [
      "error",
      "always",
    ],
    "no-return-await": Array [
      "error",
    ],
    "no-script-url": Array [
      "error",
    ],
    "no-self-assign": Array [
      "error",
      Object {
        "props": true,
      },
    ],
    "no-self-compare": Array [
      "error",
    ],
    "no-sequences": Array [
      "error",
    ],
    "no-setter-return": Array [
      "error",
    ],
    "no-shadow": Array [
      "error",
    ],
    "no-shadow-restricted-names": Array [
      "error",
    ],
    "no-sparse-arrays": Array [
      "error",
    ],
    "no-template-curly-in-string": Array [
      "error",
    ],
    "no-this-before-super": Array [
      "error",
    ],
    "no-throw-literal": Array [
      "error",
    ],
    "no-undef": Array [
      "error",
    ],
    "no-undef-init": Array [
      "error",
    ],
    "no-underscore-dangle": Array [
      "error",
      Object {
        "allow": Array [],
        "allowAfterSuper": false,
        "allowAfterThis": false,
        "allowAfterThisConstructor": false,
        "allowFunctionParams": true,
        "enforceInClassFields": false,
        "enforceInMethodNames": true,
      },
    ],
    "no-unneeded-ternary": Array [
      "error",
      Object {
        "defaultAssignment": false,
      },
    ],
    "no-unreachable": Array [
      "error",
    ],
    "no-unreachable-loop": Array [
      "error",
      Object {
        "ignore": Array [],
      },
    ],
    "no-unsafe-finally": Array [
      "error",
    ],
    "no-unsafe-negation": Array [
      "error",
    ],
    "no-unsafe-optional-chaining": Array [
      "error",
      Object {
        "disallowArithmeticOperators": true,
      },
    ],
    "no-unused-expressions": Array [
      "error",
      Object {
        "allowShortCircuit": false,
        "allowTaggedTemplates": false,
        "allowTernary": false,
        "enforceForJSX": false,
      },
    ],
    "no-unused-labels": Array [
      "error",
    ],
    "no-unused-vars": Array [
      "warn",
      Object {
        "args": "after-used",
        "ignoreRestSiblings": true,
        "vars": "all",
      },
    ],
    "no-use-before-define": Array [
      "error",
      Object {
        "classes": true,
        "functions": true,
        "variables": true,
      },
    ],
    "no-useless-backreference": Array [
      "error",
    ],
    "no-useless-catch": Array [
      "error",
    ],
    "no-useless-computed-key": Array [
      "error",
    ],
    "no-useless-concat": Array [
      "error",
    ],
    "no-useless-constructor": Array [
      "error",
    ],
    "no-useless-escape": Array [
      "error",
    ],
    "no-useless-rename": Array [
      "error",
      Object {
        "ignoreDestructuring": false,
        "ignoreExport": false,
        "ignoreImport": false,
      },
    ],
    "no-useless-return": Array [
      "error",
    ],
    "no-var": Array [
      "error",
    ],
    "no-void": Array [
      "error",
    ],
    "no-with": Array [
      "error",
    ],
    "object-shorthand": Array [
      "error",
      "always",
      Object {
        "avoidQuotes": true,
        "ignoreConstructors": false,
      },
    ],
    "one-var": Array [
      "error",
      "never",
    ],
    "operator-assignment": Array [
      "error",
      "always",
    ],
    "prefer-arrow-callback": Array [
      "error",
      Object {
        "allowNamedFunctions": false,
        "allowUnboundThis": true,
      },
    ],
    "prefer-const": Array [
      "warn",
      Object {
        "destructuring": "any",
        "ignoreReadBeforeAssign": true,
      },
    ],
    "prefer-destructuring": Array [
      "error",
      Object {
        "AssignmentExpression": Object {
          "array": true,
          "object": false,
        },
        "VariableDeclarator": Object {
          "array": false,
          "object": true,
        },
      },
      Object {
        "enforceForRenamedProperties": false,
      },
    ],
    "prefer-exponentiation-operator": Array [
      "error",
    ],
    "prefer-numeric-literals": Array [
      "error",
    ],
    "prefer-object-spread": Array [
      "error",
    ],
    "prefer-promise-reject-errors": Array [
      "error",
      Object {
        "allowEmptyReject": true,
      },
    ],
    "prefer-regex-literals": Array [
      "error",
      Object {
        "disallowRedundantWrapping": true,
      },
    ],
    "prefer-rest-params": Array [
      "error",
    ],
    "prefer-spread": Array [
      "error",
    ],
    "prefer-template": Array [
      "error",
    ],
    "radix": Array [
      "error",
    ],
    "require-yield": Array [
      "error",
    ],
    "simple-import-sort/exports": Array [
      "warn",
    ],
    "simple-import-sort/imports": Array [
      "warn",
    ],
    "spaced-comment": Array [
      "error",
      "always",
      Object {
        "block": Object {
          "balanced": true,
          "exceptions": Array [
            "-",
            "+",
          ],
          "markers": Array [
            "=",
            "!",
            ":",
            "::",
          ],
        },
        "line": Object {
          "exceptions": Array [
            "-",
            "+",
          ],
          "markers": Array [
            "=",
            "!",
            "/",
          ],
        },
      },
    ],
    "strict": Array [
      "error",
      "never",
    ],
    "symbol-description": Array [
      "error",
    ],
    "use-isnan": Array [
      "error",
    ],
    "valid-typeof": Array [
      "error",
      Object {
        "requireStringLiterals": true,
      },
    ],
    "vars-on-top": Array [
      "error",
    ],
    "yoda": Array [
      "error",
    ],
  },
  "settings": Object {
    "import/core-modules": Array [],
    "import/extensions": Array [
      ".js",
      ".mjs",
      ".jsx",
    ],
    "import/ignore": Array [
      "node_modules",
      "\\\\.(coffee|scss|css|less|hbs|svg|json)$",
    ],
    "import/resolver": Object {
      "node": Object {
        "extensions": Array [
          ".mjs",
          ".js",
          ".json",
        ],
      },
    },
  },
}
`;
